[
  {
    "Key": " 4",
    "Element": " 4"
  },
  {
    "Key": " 5",
    "Element": " 5"
  },
  {
    "Key": " 6",
    "Element": " 6"
  },
  {
    "Key": " 7",
    "Element": " 7"
  },
  {
    "Key": " 8",
    "Element": " 8"
  },
  {
    "Key": " 9",
    "Element": " 9"
  },
  {
    "Key": " 1",
    "Element": " 1"
  },
  {
    "Key": " 2",
    "Element": " 2"
  },
  {
    "Key": " 3",
    "Element": " 3"
  },
  {
    "Key": " 10",
    "Element": " 10"
  }
]
