{
  "Time": {
    "Seconds_Count": 1342177281,
    "Time_Span": 0.00000000000000E+00
  },
  "Time_Span": 8.74550000000000E+04,
  "Funny": 1
}
