{
  "Time": {
    "Year": 1999,
    "Month": 1,
    "Day": 11,
    "Seconds": 6.66000000000000E+02
  },
  "Funny": 1
}
