{
  "Capacity": 10,
  "Modulus": 10,
  "Data": [
    10,
    1,
    2,
    3,
    4,
    5,
    6,
    7,
    8,
    9
  ]
}
