{
  "Data": [
    {
      "Key": 10,
      "Element": 20
    },
    {
      "Key": 1,
      "Element": 11
    },
    {
      "Key": 2,
      "Element": 12
    },
    {
      "Key": 3,
      "Element": 13
    },
    {
      "Key": 4,
      "Element": 14
    },
    {
      "Key": 5,
      "Element": 15
    },
    {
      "Key": 6,
      "Element": 16
    },
    {
      "Key": 7,
      "Element": 17
    },
    {
      "Key": 8,
      "Element": 18
    },
    {
      "Key": 9,
      "Element": 19
    }
  ],
  "Capacity": 10,
  "Modulus": 10
}
