{
  "T_0": 305442814,
  "T_1": 135,
  "T_2": [
    1,
    2,
    3,
    4,
    5,
    6,
    7,
    8,
    9,
    10
  ],
  "T_3": 3402287818
}
